MPLINK 5.09, LINKER
Linker Map File - Created Thu Mar 14 01:35:43 2024

                                 Section Info
                  Section       Type    Address   Location Size(Bytes)
                ---------  ---------  ---------  ---------  ---------
                   .org_0       code   0x000000    program   0x000020
                   .cinit    romdata   0x000010    program   0x000004
.config_2007_BUILD/DEFAULT/PRODUCTION/MAIN.O       code   0x002007    program   0x000002



                              Program Memory Usage 
                               Start         End      
                           ---------   ---------      
                            0x000000    0x000011      
                            0x002007    0x002007      
            19 out of 2182 program addresses used, program memory utilization is 0%



                              Symbols - Sorted by Name
                     Name    Address   Location    Storage File                     
                ---------  ---------  ---------  --------- ---------                
          BUCLE_PRINCIPAL   0x000005    program     static C:\Users\anacr\MPLABXProjects\hola_mundo.X\main.asm
          COMPROBAR_LED_2   0x00000c    program     static C:\Users\anacr\MPLABXProjects\hola_mundo.X\main.asm
              LED_APAGADO   0x00000a    program     static C:\Users\anacr\MPLABXProjects\hola_mundo.X\main.asm



                              Symbols - Sorted by Address
                     Name    Address   Location    Storage File                     
                ---------  ---------  ---------  --------- ---------                
          BUCLE_PRINCIPAL   0x000005    program     static C:\Users\anacr\MPLABXProjects\hola_mundo.X\main.asm
              LED_APAGADO   0x00000a    program     static C:\Users\anacr\MPLABXProjects\hola_mundo.X\main.asm
          COMPROBAR_LED_2   0x00000c    program     static C:\Users\anacr\MPLABXProjects\hola_mundo.X\main.asm


