MPLINK 5.09, LINKER
Linker Map File - Created Mon May 13 19:43:10 2024

                                 Section Info
                  Section       Type    Address   Location Size(Bytes)
                ---------  ---------  ---------  ---------  ---------
                   .org_0       code   0x000000    program   0x000030
                   .cinit    romdata   0x000018    program   0x000004
.config_2007_BUILD/DEFAULT/PRODUCTION/BITS.O       code   0x002007    program   0x000002



                              Program Memory Usage 
                               Start         End      
                           ---------   ---------      
                            0x000000    0x000019      
                            0x002007    0x002007      
            27 out of 1094 program addresses used, program memory utilization is 2%



                              Symbols - Sorted by Name
                     Name    Address   Location    Storage File                     
                ---------  ---------  ---------  --------- ---------                
        DESPLAZAR_DERECHA   0x00000c    program     static C:\Users\anacr\MPLABXProjects\acarreoBits.X\bits.asm
      DESPLAZAR_IZQUIERDA   0x000012    program     static C:\Users\anacr\MPLABXProjects\acarreoBits.X\bits.asm
                   INICIO   0x000007    program     static C:\Users\anacr\MPLABXProjects\acarreoBits.X\bits.asm
             _.org_0_0010   0x000010    program     static C:\Users\anacr\MPLABXProjects\acarreoBits.X\bits.asm
             _.org_0_0016   0x000016    program     static C:\Users\anacr\MPLABXProjects\acarreoBits.X\bits.asm



                              Symbols - Sorted by Address
                     Name    Address   Location    Storage File                     
                ---------  ---------  ---------  --------- ---------                
                   INICIO   0x000007    program     static C:\Users\anacr\MPLABXProjects\acarreoBits.X\bits.asm
        DESPLAZAR_DERECHA   0x00000c    program     static C:\Users\anacr\MPLABXProjects\acarreoBits.X\bits.asm
             _.org_0_0010   0x000010    program     static C:\Users\anacr\MPLABXProjects\acarreoBits.X\bits.asm
      DESPLAZAR_IZQUIERDA   0x000012    program     static C:\Users\anacr\MPLABXProjects\acarreoBits.X\bits.asm
             _.org_0_0016   0x000016    program     static C:\Users\anacr\MPLABXProjects\acarreoBits.X\bits.asm


