MPLINK 5.09, LINKER
Linker Map File - Created Tue Sep 17 22:21:48 2024

                                 Section Info
                  Section       Type    Address   Location Size(Bytes)
                ---------  ---------  ---------  ---------  ---------
                   .org_0       code   0x000000    program   0x00005c
                   .cinit    romdata   0x00002e    program   0x000004



                              Program Memory Usage 
                               Start         End      
                           ---------   ---------      
                            0x000000    0x00002f      
            48 out of 1094 program addresses used, program memory utilization is 4%



                              Symbols - Sorted by Name
                     Name    Address   Location    Storage File                     
                ---------  ---------  ---------  --------- ---------                
                     BAJA   0x00002b    program     static C:\Users\anacr\MPLABXProjects\ELEVADOR.X\elevadorr.asm
                BAJAPISO1   0x00001e    program     static C:\Users\anacr\MPLABXProjects\ELEVADOR.X\elevadorr.asm
                BAJAPISO2   0x000018    program     static C:\Users\anacr\MPLABXProjects\ELEVADOR.X\elevadorr.asm
                   INICIO   0x000006    program     static C:\Users\anacr\MPLABXProjects\ELEVADOR.X\elevadorr.asm
                  PARADA1   0x000021    program     static C:\Users\anacr\MPLABXProjects\ELEVADOR.X\elevadorr.asm
                  PARADA2   0x00001b    program     static C:\Users\anacr\MPLABXProjects\ELEVADOR.X\elevadorr.asm
                     STOP   0x000025    program     static C:\Users\anacr\MPLABXProjects\ELEVADOR.X\elevadorr.asm
                    STOP1   0x000009    program     static C:\Users\anacr\MPLABXProjects\ELEVADOR.X\elevadorr.asm
                    STOP2   0x00000f    program     static C:\Users\anacr\MPLABXProjects\ELEVADOR.X\elevadorr.asm
                    STOP3   0x000015    program     static C:\Users\anacr\MPLABXProjects\ELEVADOR.X\elevadorr.asm
                     SUBE   0x000028    program     static C:\Users\anacr\MPLABXProjects\ELEVADOR.X\elevadorr.asm
                SUBEPISO1   0x000006    program     static C:\Users\anacr\MPLABXProjects\ELEVADOR.X\elevadorr.asm
                SUBEPISO2   0x00000c    program     static C:\Users\anacr\MPLABXProjects\ELEVADOR.X\elevadorr.asm
                SUBEPISO3   0x000012    program     static C:\Users\anacr\MPLABXProjects\ELEVADOR.X\elevadorr.asm



                              Symbols - Sorted by Address
                     Name    Address   Location    Storage File                     
                ---------  ---------  ---------  --------- ---------                
                   INICIO   0x000006    program     static C:\Users\anacr\MPLABXProjects\ELEVADOR.X\elevadorr.asm
                SUBEPISO1   0x000006    program     static C:\Users\anacr\MPLABXProjects\ELEVADOR.X\elevadorr.asm
                    STOP1   0x000009    program     static C:\Users\anacr\MPLABXProjects\ELEVADOR.X\elevadorr.asm
                SUBEPISO2   0x00000c    program     static C:\Users\anacr\MPLABXProjects\ELEVADOR.X\elevadorr.asm
                    STOP2   0x00000f    program     static C:\Users\anacr\MPLABXProjects\ELEVADOR.X\elevadorr.asm
                SUBEPISO3   0x000012    program     static C:\Users\anacr\MPLABXProjects\ELEVADOR.X\elevadorr.asm
                    STOP3   0x000015    program     static C:\Users\anacr\MPLABXProjects\ELEVADOR.X\elevadorr.asm
                BAJAPISO2   0x000018    program     static C:\Users\anacr\MPLABXProjects\ELEVADOR.X\elevadorr.asm
                  PARADA2   0x00001b    program     static C:\Users\anacr\MPLABXProjects\ELEVADOR.X\elevadorr.asm
                BAJAPISO1   0x00001e    program     static C:\Users\anacr\MPLABXProjects\ELEVADOR.X\elevadorr.asm
                  PARADA1   0x000021    program     static C:\Users\anacr\MPLABXProjects\ELEVADOR.X\elevadorr.asm
                     STOP   0x000025    program     static C:\Users\anacr\MPLABXProjects\ELEVADOR.X\elevadorr.asm
                     SUBE   0x000028    program     static C:\Users\anacr\MPLABXProjects\ELEVADOR.X\elevadorr.asm
                     BAJA   0x00002b    program     static C:\Users\anacr\MPLABXProjects\ELEVADOR.X\elevadorr.asm


