MPLINK 5.09, LINKER
Linker Map File - Created Mon Oct 14 21:30:49 2024

                                 Section Info
                  Section       Type    Address   Location Size(Bytes)
                ---------  ---------  ---------  ---------  ---------
                   .org_0       code   0x000000    program   0x00002c
                   .cinit    romdata   0x000016    program   0x000004
.config_2007_BUILD/DEFAULT/PRODUCTION/MOTOR.O       code   0x002007    program   0x000002



                              Program Memory Usage 
                               Start         End      
                           ---------   ---------      
                            0x000000    0x000017      
                            0x002007    0x002007      
            25 out of 2182 program addresses used, program memory utilization is 1%



                              Symbols - Sorted by Name
                     Name    Address   Location    Storage File                     
                ---------  ---------  ---------  --------- ---------                
             APAGAR_MOTOR   0x000013    program     static C:\Users\anacr\MPLABXProjects\Motor.X\motor.asm
          BUCLE_PRINCIPAL   0x000008    program     static C:\Users\anacr\MPLABXProjects\Motor.X\motor.asm
         GIRO_ANTIHORARIO   0x000010    program     static C:\Users\anacr\MPLABXProjects\Motor.X\motor.asm
             GIRO_HORARIO   0x00000d    program     static C:\Users\anacr\MPLABXProjects\Motor.X\motor.asm



                              Symbols - Sorted by Address
                     Name    Address   Location    Storage File                     
                ---------  ---------  ---------  --------- ---------                
          BUCLE_PRINCIPAL   0x000008    program     static C:\Users\anacr\MPLABXProjects\Motor.X\motor.asm
             GIRO_HORARIO   0x00000d    program     static C:\Users\anacr\MPLABXProjects\Motor.X\motor.asm
         GIRO_ANTIHORARIO   0x000010    program     static C:\Users\anacr\MPLABXProjects\Motor.X\motor.asm
             APAGAR_MOTOR   0x000013    program     static C:\Users\anacr\MPLABXProjects\Motor.X\motor.asm


