MPLINK 5.09, LINKER
Linker Map File - Created Mon May 13 19:54:22 2024

                                 Section Info
                  Section       Type    Address   Location Size(Bytes)
                ---------  ---------  ---------  ---------  ---------
                   .org_0       code   0x000000    program   0x000068
                   .cinit    romdata   0x000034    program   0x000004



                              Program Memory Usage 
                               Start         End      
                           ---------   ---------      
                            0x000000    0x000035      
            54 out of 1094 program addresses used, program memory utilization is 4%



                              Symbols - Sorted by Name
                     Name    Address   Location    Storage File                     
                ---------  ---------  ---------  --------- ---------                
        ActualizarDisplay   0x00001f    program     static C:\Users\anacr\MPLABXProjects\contador.X\contadorr.asm
                    Bucle   0x000009    program     static C:\Users\anacr\MPLABXProjects\contador.X\contadorr.asm
                  Esperar   0x000018    program     static C:\Users\anacr\MPLABXProjects\contador.X\contadorr.asm
            NoIncrementar   0x00000e    program     static C:\Users\anacr\MPLABXProjects\contador.X\contadorr.asm
              NoReiniciar   0x000013    program     static C:\Users\anacr\MPLABXProjects\contador.X\contadorr.asm
                    TABLA   0x000023    program     static C:\Users\anacr\MPLABXProjects\contador.X\contadorr.asm



                              Symbols - Sorted by Address
                     Name    Address   Location    Storage File                     
                ---------  ---------  ---------  --------- ---------                
                    Bucle   0x000009    program     static C:\Users\anacr\MPLABXProjects\contador.X\contadorr.asm
            NoIncrementar   0x00000e    program     static C:\Users\anacr\MPLABXProjects\contador.X\contadorr.asm
              NoReiniciar   0x000013    program     static C:\Users\anacr\MPLABXProjects\contador.X\contadorr.asm
                  Esperar   0x000018    program     static C:\Users\anacr\MPLABXProjects\contador.X\contadorr.asm
        ActualizarDisplay   0x00001f    program     static C:\Users\anacr\MPLABXProjects\contador.X\contadorr.asm
                    TABLA   0x000023    program     static C:\Users\anacr\MPLABXProjects\contador.X\contadorr.asm


