MPLINK 5.09, LINKER
Linker Map File - Created Tue Sep 17 22:22:15 2024

                                 Section Info
                  Section       Type    Address   Location Size(Bytes)
                ---------  ---------  ---------  ---------  ---------
                   .org_0       code   0x000000    program   0x00001c
                   .cinit    romdata   0x00000e    program   0x000004
.config_2007_BUILD/DEFAULT/PRODUCTION/COMPUER       code   0x002007    program   0x000002



                              Program Memory Usage 
                               Start         End      
                           ---------   ---------      
                            0x000000    0x00000f      
                            0x002007    0x002007      
            17 out of 2182 program addresses used, program memory utilization is 0%



                              Symbols - Sorted by Name
                     Name    Address   Location    Storage File                     
                ---------  ---------  ---------  --------- ---------                
          BUCLE_PRINCIPAL   0x000005    program     static C:\Users\anacr\MPLABXProjects\or.X\compuertaOr.asm
              LED_APAGADO   0x00000a    program     static C:\Users\anacr\MPLABXProjects\or.X\compuertaOr.asm
            LED_ENCENDIDO   0x00000c    program     static C:\Users\anacr\MPLABXProjects\or.X\compuertaOr.asm



                              Symbols - Sorted by Address
                     Name    Address   Location    Storage File                     
                ---------  ---------  ---------  --------- ---------                
          BUCLE_PRINCIPAL   0x000005    program     static C:\Users\anacr\MPLABXProjects\or.X\compuertaOr.asm
              LED_APAGADO   0x00000a    program     static C:\Users\anacr\MPLABXProjects\or.X\compuertaOr.asm
            LED_ENCENDIDO   0x00000c    program     static C:\Users\anacr\MPLABXProjects\or.X\compuertaOr.asm


