MPLINK 5.09, LINKER
Linker Map File - Created Wed Apr 24 11:28:31 2024

                                 Section Info
                  Section       Type    Address   Location Size(Bytes)
                ---------  ---------  ---------  ---------  ---------
                   .org_0       code   0x000000    program   0x00002e
                   .cinit    romdata   0x000017    program   0x000004
.config_2007_BUILD/DEFAULT/PRODUCTION/ACBITS.       code   0x002007    program   0x000002



                              Program Memory Usage 
                               Start         End      
                           ---------   ---------      
                            0x000000    0x000018      
                            0x002007    0x002007      
            26 out of 2182 program addresses used, program memory utilization is 1%



                              Symbols - Sorted by Name
                     Name    Address   Location    Storage File                     
                ---------  ---------  ---------  --------- ---------                
                  DERECHA   0x00000d    program     static C:\Users\anacr\MPLABXProjects\bitss.X\acbits.asm
                   INICIO   0x000001    program     static C:\Users\anacr\MPLABXProjects\bitss.X\acbits.asm
                IZQUIERDA   0x000012    program     static C:\Users\anacr\MPLABXProjects\bitss.X\acbits.asm
                     LOOP   0x000008    program     static C:\Users\anacr\MPLABXProjects\bitss.X\acbits.asm
             _.org_0_000F   0x00000f    program     static C:\Users\anacr\MPLABXProjects\bitss.X\acbits.asm
             _.org_0_0014   0x000014    program     static C:\Users\anacr\MPLABXProjects\bitss.X\acbits.asm



                              Symbols - Sorted by Address
                     Name    Address   Location    Storage File                     
                ---------  ---------  ---------  --------- ---------                
                   INICIO   0x000001    program     static C:\Users\anacr\MPLABXProjects\bitss.X\acbits.asm
                     LOOP   0x000008    program     static C:\Users\anacr\MPLABXProjects\bitss.X\acbits.asm
                  DERECHA   0x00000d    program     static C:\Users\anacr\MPLABXProjects\bitss.X\acbits.asm
             _.org_0_000F   0x00000f    program     static C:\Users\anacr\MPLABXProjects\bitss.X\acbits.asm
                IZQUIERDA   0x000012    program     static C:\Users\anacr\MPLABXProjects\bitss.X\acbits.asm
             _.org_0_0014   0x000014    program     static C:\Users\anacr\MPLABXProjects\bitss.X\acbits.asm


